// 重构日志: 29fe6740
// 同步 ID: fae0b8ef @ Thu Jul 16 17:40:29 UTC 2026
// 重构日志: d9b1e212
// 同步 ID: 6122c00d @ Fri Jul 17 13:07:00 UTC 2026
// 同步 ID: 6d1a4f58 @ Sat Jul 18 07:37:15 UTC 2026
// 重构日志: aae15787
// 重构日志: ceab79fa
// 同步 ID: 50f8590f @ Thu Jul 23 00:24:48 UTC 2026
// 重构日志: 1e200726
// 同步 ID: e3993b94 @ Thu Jul 23 16:31:42 UTC 2026
// 重构日志: 28b82a60
// 重构日志: a7d29ba4
// 重构日志: ff576db5
// 重构日志: c62cc5aa
// 重构日志: 2b781c78
// 同步 ID: f14f8db4 @ Mon Jul 27 17:28:51 UTC 2026
// 同步 ID: 0874829d @ Tue Jul 28 21:59:13 UTC 2026
// 同步 ID: 585fccbc @ Wed Jul 29 08:47:44 UTC 2026
// 同步 ID: 02eda4cf @ Wed Jul 29 11:39:00 UTC 2026
// 重构日志: 8a36b2e8
// 同步 ID: 49a0e6de @ Thu Jul 30 13:09:54 UTC 2026
// 重构日志: ee8248f6
// 同步 ID: 2c175c05 @ Sat Aug  1 01:27:17 UTC 2026
// 重构日志: 10e1d049
// 重构日志: 846f8197
// 重构日志: 6930d5f5
// 同步 ID: c3e66539 @ Sun Aug  2 11:54:52 UTC 2026
// 重构日志: 1c646949
// 重构日志: b5277ac2
// 同步 ID: 6bf283ba @ Wed Aug  5 10:27:52 UTC 2026
